{
    "Should merge GRM partitions with SNP group": {
        "content": [
            [
                [
                    1,
                    "gcta_grm_1",
                    "gcta_grm_1.grm.id:md5,25d414ef4a36cb2437e93382556a0df6",
                    "gcta_grm_1.grm.bin:md5,a38b3745013a9ad9b2db831be8fafd1d",
                    "gcta_grm_1.grm.N.bin:md5,7d8ceee533a9282fc58d70d4275349ac"
                ]
            ]
        ],
        "meta": {
            "nf-test": "0.9.3",
            "nextflow": "24.08.0"
        },
        "timestamp": "2026-02-03T21:01:42.402235"
    }
}