{
    "Should execute multi-component REML with covariates": {
        "content": [
            [
                "phenotype.noheader.hsq:md5,dfe0ccb26266ad515d633f243331906d"
            ]
        ],
        "meta": {
            "nf-test": "0.9.3",
            "nextflow": "24.08.0"
        },
        "timestamp": "2025-12-15T12:43:14.783195"
    }
}