{
    "Should execute multi-component REML with covariates": {
        "content": [
            [
                "Y1.hsq:md5,17c88fb496a2a3c500ed17dc8d40f164"
            ]
        ],
        "meta": {
            "nf-test": "0.9.3",
            "nextflow": "24.08.0"
        },
        "timestamp": "2026-02-03T21:02:47.141531"
    }
}
