{
    "Should calculate GRM with reduced parallelization": {
        "content": [
            [
                [
                    "0",
                    "gcta_grm_0_adj_unrel05",
                    "gcta_grm_0_adj_unrel05.grm.id:md5,78d2027a9e05085ca53d59f8578bf968",
                    "gcta_grm_0_adj_unrel05.grm.bin:md5,338c202e279369908fb1e65350a2d7eb",
                    "gcta_grm_0_adj_unrel05.grm.N.bin:md5,0a8ce2f24d85934e6b1bdb09ae4b0bf1"
                ]
            ]
        ],
        "meta": {
            "nf-test": "0.9.3",
            "nextflow": "24.08.0"
        },
        "timestamp": "2025-12-15T13:35:37.762616"
    },
    "Should calculate GRM without SNP group filtering": {
        "content": [
            [
                [
                    "0",
                    "gcta_grm_0_adj_unrel05",
                    "gcta_grm_0_adj_unrel05.grm.id:md5,c7274f594049a3f8760032c41b1f2117",
                    "gcta_grm_0_adj_unrel05.grm.bin:md5,2a363bc91b737d9907e1bbefbc1dc899",
                    "gcta_grm_0_adj_unrel05.grm.N.bin:md5,7466cae198eab6274db32905cbce14bf"
                ]
            ]
        ],
        "meta": {
            "nf-test": "0.9.3",
            "nextflow": "24.08.0"
        },
        "timestamp": "2025-12-15T13:41:00.455915"
    }
}