{
    "Should execute regenie step 1 for 2 phenotypes ": {
        "content": [
            [
                "regenie_step1_out_1.loco.gz:md5,e5302d60606d73dc3aa22447df839cd1",
                "regenie_step1_out_2.loco.gz:md5,434f5cd1f0ddbf366f10ec36cac9df14",
                "regenie_step1_out_pred.list:md5,d7bec612204b04931f704a04b373b3c5"
            ]
        ],
        "meta": {
            "nf-test": "0.9.3",
            "nextflow": "24.08.0"
        },
        "timestamp": "2026-02-04T00:14:29.526731"
    }
}